[root@localhost ~]# zpool create -f storage mirror sdb sdc
[root@localhost ~]# zpool status -v
  pool: storage
 state: ONLINE
  scan: none requested
config:

        NAME        STATE     READ WRITE CKSUM
        storage     ONLINE       0     0     0
          mirror-0  ONLINE       0     0     0
            sdb     ONLINE       0     0     0
            sdc     ONLINE       0     0     0

errors: No known data errors
[root@localhost ~]# zfs list
NAME      USED  AVAIL     REFER  MOUNTPOINT
storage  82.5K   832M       24K  /storage
[root@localhost ~]# zfs create storage/fs-lzjb
[root@localhost ~]# zfs create storage/fs-zle
[root@localhost ~]# zfs create storage/fs-gzip
[root@localhost ~]# zfs create storage/fs-gzip1
[root@localhost ~]# zfs create storage/fs-gzip9
[root@localhost ~]# zfs create storage/fs-lz4
[root@localhost ~]# zfs set compression=lzjb storage/fs-lzjb
[root@localhost ~]# zfs set compression=zle storage/fs-zle
[root@localhost ~]# zfs set compression=gzip storage/fs-gzip
[root@localhost ~]# zfs set compression=gzip-1 storage/fs-gzip1
[root@localhost ~]# zfs set compression=gzip-9 storage/fs-gzip9
[root@localhost ~]# zfs set compression=lz4 storage/fs-lz4
[root@localhost ~]# zfs list
NAME               USED  AVAIL     REFER  MOUNTPOINT
storage            250K   832M     29.5K  /storage
storage/fs-gzip     24K   832M       24K  /storage/fs-gzip
storage/fs-gzip1    24K   832M       24K  /storage/fs-gzip1
storage/fs-gzip9    24K   832M       24K  /storage/fs-gzip9
storage/fs-lzjb     24K   832M       24K  /storage/fs-lzjb
storage/fs-zle      24K   832M       24K  /storage/fs-zle
[root@localhost ~]# vi /storage/fs-gzip/War_and_Peace.txt
[root@localhost ~]# cp /storage/fs-gzip/War_and_Peace.txt /storage/fs-gzip1/
[root@localhost ~]# cp /storage/fs-gzip/War_and_Peace.txt /storage/fs-gzip9/
[root@localhost ~]# cp /storage/fs-gzip/War_and_Peace.txt /storage/fs-lzjb/
[root@localhost ~]# cp /storage/fs-gzip/War_and_Peace.txt /storage/fs-zle/
[root@localhost ~]# cp /storage/fs-gzip/War_and_Peace.txt /storage/fs-lz4/
[root@localhost ~]# zfs get compressratio storage
NAME     PROPERTY       VALUE  SOURCE
storage  compressratio  1.69x  -
[root@localhost ~]# zfs list
NAME               USED  AVAIL     REFER  MOUNTPOINT
storage           9.52M   822M     29.5K  /storage
storage/fs-gzip   1.21M   822M     1.21M  /storage/fs-gzip
storage/fs-gzip1  1.41M   822M     1.41M  /storage/fs-gzip1
storage/fs-gzip9  1.21M   822M     1.21M  /storage/fs-gzip9
storage/fs-lzjb   2.34M   822M     2.34M  /storage/fs-lzjb
storage/fs-zle    3.11M   822M     3.11M  /storage/fs-zle
[root@localhost ~]# zpool status
  pool: storage
 state: ONLINE
  scan: none requested
config:

        NAME        STATE     READ WRITE CKSUM
        storage     ONLINE       0     0     0
          mirror-0  ONLINE       0     0     0
            sdb     ONLINE       0     0     0
            sdc     ONLINE       0     0     0

errors: No known data errors
[root@localhost ~]# zfs get compressratio storage/fs-gzip
NAME             PROPERTY       VALUE  SOURCE
storage/fs-gzip  compressratio  2.62x  -
[root@localhost ~]# zfs get compressratio storage/fs-gzip1
NAME              PROPERTY       VALUE  SOURCE
storage/fs-gzip1  compressratio  2.24x  -
[root@localhost ~]# zfs get compressratio storage/fs-gzip9
NAME              PROPERTY       VALUE  SOURCE
storage/fs-gzip9  compressratio  2.63x  -
[root@localhost ~]# zfs get compressratio storage/fs-lzjb
NAME             PROPERTY       VALUE  SOURCE
storage/fs-lzjb  compressratio  1.34x  -
[root@localhost ~]# zfs get compressratio storage/fs-zle
NAME            PROPERTY       VALUE  SOURCE
storage/fs-zle  compressratio  1.01x  -
[root@localhost ~]# zfs get compressratio storage/fs-lz4
NAME            PROPERTY       VALUE  SOURCE
storage/fs-lz4  compressratio  1.60x  -
[root@localhost ~]# ls -lh /storage/fs-gzip/
total 1.2M
-rw-r--r--. 1 root root 3.1M Aug 18 04:37 War_and_Peace.txt
[root@localhost ~]# zfs list
NAME               USED  AVAIL     REFER  MOUNTPOINT
storage           11.5M   820M       30K  /storage
storage/fs-gzip   1.21M   820M     1.21M  /storage/fs-gzip
storage/fs-gzip1  1.41M   820M     1.41M  /storage/fs-gzip1
storage/fs-gzip9  1.21M   820M     1.21M  /storage/fs-gzip9
storage/fs-lz4    1.97M   820M     1.97M  /storage/fs-lz4
storage/fs-lzjb   2.34M   820M     2.34M  /storage/fs-lzjb
storage/fs-zle    3.11M   820M     3.11M  /storage/fs-zle



[root@server vagrant]# zpool import -d ${PWD}/zpoolexport/
   pool: otus
     id: 6554193320433390805
  state: ONLINE
 action: The pool can be imported using its name or numeric identifier.
 config:

        otus                                 ONLINE
          mirror-0                           ONLINE
            /home/vagrant/zpoolexport/filea  ONLINE
            /home/vagrant/zpoolexport/fileb  ONLINE
[root@server vagrant]# zpool import -d ${PWD}/zpoolexport/ otus
[root@server vagrant]# zfs list
NAME             USED  AVAIL     REFER  MOUNTPOINT
otus            2.04M   350M       24K  /otus
otus/hometask2  1.88M   350M     1.88M  /otus/hometask2
[root@server vagrant]# zpool status
  pool: otus
 state: ONLINE
  scan: none requested
config:

        NAME                                 STATE     READ WRITE CKSUM
        otus                                 ONLINE       0     0     0
          mirror-0                           ONLINE       0     0     0
            /home/vagrant/zpoolexport/filea  ONLINE       0     0     0
            /home/vagrant/zpoolexport/fileb  ONLINE       0     0     0

errors: No known data errors
[root@server vagrant]# zpool list
NAME   SIZE  ALLOC   FREE  CKPOINT  EXPANDSZ   FRAG    CAP  DEDUP    HEALTH  ALTROOT
otus   480M  2.09M   478M        -         -     0%     0%  1.00x    ONLINE  -
[root@server vagrant]# zfs get checksum
NAME            PROPERTY  VALUE      SOURCE
otus            checksum  sha256     local
otus/hometask2  checksum  sha256     inherited from otus
[root@server vagrant]# zfs get reservation
NAME            PROPERTY     VALUE   SOURCE
otus            reservation  none    default
otus/hometask2  reservation  none    default
[root@server vagrant]# zfs get recordsize
NAME            PROPERTY    VALUE    SOURCE
otus            recordsize  128K     local
otus/hometask2  recordsize  128K     inherited from otus
[root@server vagrant]# zfs get compression,compressratio
NAME            PROPERTY       VALUE     SOURCE
otus            compression    zle       local
otus            compressratio  1.00x     -
otus/hometask2  compression    zle       inherited from otus
otus/hometask2  compressratio  1.00x     -


[root@server vagrant]# zfs receive -F otus/hometask2 < otus_task2.file
[root@server /]# cd otus/hometask2/
[root@server hometask2]# ls -la
total 2592
drwxr-xr-x. 3 root    root         11 May 15  2020 .
drwxr-xr-x. 3 root    root          3 Aug 18 06:55 ..
-rw-r--r--. 1 root    root          0 May 15  2020 10M.file
-rw-r--r--. 1 root    root     727040 May 15  2020 cinderella.tar
-rw-r--r--. 1 root    root         65 May 15  2020 for_examaple.txt
-rw-r--r--. 1 root    root          0 May 15  2020 homework4.txt
-rw-r--r--. 1 root    root     309987 May 15  2020 Limbo.txt
-rw-r--r--. 1 root    root     509836 May 15  2020 Moby_Dick.txt
drwxr-xr-x. 3 vagrant vagrant       4 Dec 18  2017 task1
-rw-r--r--. 1 root    root    1209374 May  6  2016 War_and_Peace.txt
-rw-r--r--. 1 root    root     398635 May 15  2020 world.sql
[root@server otus]# find -name secret_message
./hometask2/task1/file_mess/secret_message
[root@server otus]# cat ./hometask2/task1/file_mess/secret_message
https://github.com/sindresorhus/awesome
[root@server otus]#

